 
============================================================ 
 DEBUT PIPELINE ETL ObRail - 10/03/2026 22:54:25,96 
============================================================ 
------------------------------------------------------ 
 Job : pays - Debut : 22:54:26,00 
 Job pays OK - Fin : 22:54:27,15 
------------------------------------------------------ 
 Job : gare - Debut : 22:54:27,17 
Batch entry 0 INSERT INTO "public"."gare" ("code_uic","nom_gare","longitude","latitude","iso_pays") VALUES (8775123,'Ch√¢teau-Arnoux ‚?? St-Auban',5.997373,44.061565,'FR') was aborted: ERROR: duplicate key value violates unique constraint "gare_pkey"
  DÈtail†: Key (code_uic)=(8775123) already exists.  Call getNextException to see other errors in the batch.
caused by: ERROR: duplicate key value violates unique constraint "gare_pkey"
  DÈtail†: Key (code_uic)=(8775123) already exists.
Batch entry 0 INSERT INTO "public"."gare" ("code_uic","nom_gare","longitude","latitude","iso_pays") VALUES (8022461,'M√ånnerstadt',10.188634,50.250076,'DE') was aborted: ERROR: duplicate key value violates unique constraint "gare_pkey"
  DÈtail†: Key (code_uic)=(8022461) already exists.  Call getNextException to see other errors in the batch.
caused by: ERROR: duplicate key value violates unique constraint "gare_pkey"
  DÈtail†: Key (code_uic)=(8022461) already exists.
Batch entry 0 INSERT INTO "public"."gare" ("code_uic","nom_gare","longitude","latitude","iso_pays") VALUES (7174205,'Riglos-Concilio',-0.727083,42.316097,'ES') was aborted: ERROR: duplicate key value violates unique constraint "gare_pkey"
  DÈtail†: Key (code_uic)=(7174205) already exists.  Call getNextException to see other errors in the batch.
caused by: ERROR: duplicate key value violates unique constraint "gare_pkey"
  DÈtail†: Key (code_uic)=(7174205) already exists.
 Job gare OK - Fin : 22:54:28,29 
------------------------------------------------------ 
 Job : operateur - Debut : 22:54:28,33 
Batch entry 0 INSERT INTO "public"."operateur" ("code_operateur","nom_operateur","iso_pays") VALUES ('ATC','Astra Trans Carpatic SRL','RO') was aborted: ERROR: duplicate key value violates unique constraint "operateur_pkey"
  DÈtail†: Key (code_operateur)=(ATC) already exists.  Call getNextException to see other errors in the batch.
caused by: ERROR: duplicate key value violates unique constraint "operateur_pkey"
  DÈtail†: Key (code_operateur)=(ATC) already exists.
 Job operateur OK - Fin : 22:54:29,50 
------------------------------------------------------ 
 Job : type_train - Debut : 22:54:29,55 
 Job type_train OK - Fin : 22:54:30,65 
------------------------------------------------------ 
 Job : ligne - Debut : 22:54:30,68 
Batch entry 0 INSERT INTO "public"."ligne" ("id_ligne","nom_ligne","distance","type_service") VALUES (1,'NJ 40425 = NJ 40468',NULL,'NUIT') was aborted: ERROR: duplicate key value violates unique constraint "ligne_pkey"
  DÈtail†: Key (id_ligne)=(1) already exists.  Call getNextException to see other errors in the batch.
caused by: ERROR: duplicate key value violates unique constraint "ligne_pkey"
  DÈtail†: Key (id_ligne)=(1) already exists.
 Job ligne OK - Fin : 22:54:31,76 
------------------------------------------------------ 
 Job : trajet - Debut : 22:54:31,79 
Batch entry 0 INSERT INTO "public"."trajet" ("trajet_id","gare_depart","gare_arrivee","heure_depart","heure_arrivee","id_ligne") VALUES ('ATC IR 11501','Bucure?ti Nord','Arad','1899-12-30T19:28:00.000Z','1899-12-30T08:15:00.000Z',24) was aborted: ERROR: duplicate key value violates unique constraint "trajet_pkey"
  DÈtail†: Key (trajet_id)=(ATC IR 11501) already exists.  Call getNextException to see other errors in the batch.
caused by: ERROR: duplicate key value violates unique constraint "trajet_pkey"
  DÈtail†: Key (trajet_id)=(ATC IR 11501) already exists.
 Job trajet OK - Fin : 22:54:32,88 
------------------------------------------------------ 
 Job : exploite - Debut : 22:54:32,93 
Batch entry 0 INSERT INTO "public"."exploite" ("code_operateur","id_ligne","rang") VALUES ('÷BB',1,'NJ 40425 = NJ 40468') was aborted: ERROR: duplicate key value violates unique constraint "exploite_pkey"
  DÈtail†: Key (code_operateur, id_ligne)=(÷BB, 1) already exists.  Call getNextException to see other errors in the batch.
caused by: ERROR: duplicate key value violates unique constraint "exploite_pkey"
  DÈtail†: Key (code_operateur, id_ligne)=(÷BB, 1) already exists.
 Job exploite OK - Fin : 22:54:34,11 
------------------------------------------------------ 
 Job : itineraire - Debut : 22:54:34,15 
 Job itineraire OK - Fin : 22:54:35,54 
------------------------------------------------------ 
 Job : emission - Debut : 22:54:35,57 
 Job emission OK - Fin : 22:54:36,75 
 
============================================================ 
 PIPELINE TERMINE AVEC SUCCES - 10/03/2026 22:54:36,80 
============================================================ 
